2017-06-14 02:59:37.408 17134 INFO rally.task.runner [-] Task 3721ded6-a78d-4678-8377-a9474da2a764 | ITER: 3 END: OK
2017-06-14 02:59:41.068 17133 INFO rally.task.runner [-] Task 3721ded6-a78d-4678-8377-a9474da2a764 | ITER: 5 END: OK
2017-06-14 02:59:41.095 31728 INFO rally.plugins.openstack.context.cleanup.user [-] Task 3721ded6-a78d-4678-8377-a9474da2a764 | Starting:  user resources cleanup
2017-06-14 03:00:50.890 31728 INFO rally.plugins.openstack.context.cleanup.user [-] Task 3721ded6-a78d-4678-8377-a9474da2a764 | Completed: user resources cleanup
2017-06-14 03:00:50.891 31728 INFO rally.plugins.openstack.context.keystone.users [-] Task 3721ded6-a78d-4678-8377-a9474da2a764 | Starting:  Exit context: `users`
2017-06-14 03:00:59.045 31728 INFO rally.plugins.openstack.context.keystone.users [-] Task 3721ded6-a78d-4678-8377-a9474da2a764 | Completed: Exit context: `users`
2017-06-14 03:00:59.479 31728 INFO rally.task.engine [-] Load duration is: 8.981556
2017-06-14 03:00:59.479 31728 INFO rally.task.engine [-] Full runner duration is: 11.023924
2017-06-14 03:00:59.480 31728 INFO rally.task.engine [-] Full duration is: 91.868717
2017-06-14 03:01:00.296 31728 INFO rally.task.engine [-] Running benchmark with key: 
{
  "kw": {
    "runner": {
      "type": "constant", 
      "concurrency": 1, 
      "times": 3
    }, 
    "args": {
      "detailed": true, 
      "size": 1
    }, 
    "context": {
      "users": {
        "users_per_tenant": 1, 
        "tenants": 1
      }
    }
  }, 
  "name": "CinderVolumes.create_and_list_volume", 
  "pos": 0
}
2017-06-14 03:01:00.304 31728 INFO rally.plugins.openstack.context.keystone.users [-] Task 3721ded6-a78d-4678-8377-a9474da2a764 | Starting:  Enter context: `users`
2017-06-14 03:01:03.570 31728 INFO rally.plugins.openstack.context.keystone.users [-] Task 3721ded6-a78d-4678-8377-a9474da2a764 | Completed: Enter context: `users`
2017-06-14 03:01:03.595 17636 INFO rally.task.runner [-] Task 3721ded6-a78d-4678-8377-a9474da2a764 | ITER: 1 START
2017-06-14 03:01:07.639 17636 INFO rally.task.runner [-] Task 3721ded6-a78d-4678-8377-a9474da2a764 | ITER: 1 END: OK
2017-06-14 03:01:07.643 17636 INFO rally.task.runner [-] Task 3721ded6-a78d-4678-8377-a9474da2a764 | ITER: 2 START
2017-06-14 03:01:11.435 17636 INFO rally.task.runner [-] Task 3721ded6-a78d-4678-8377-a9474da2a764 | ITER: 2 END: OK
2017-06-14 03:01:11.437 17636 INFO rally.task.runner [-] Task 3721ded6-a78d-4678-8377-a9474da2a764 | ITER: 3 START
2017-06-14 03:01:14.806 17636 INFO rally.task.runner [-] Task 3721ded6-a78d-4678-8377-a9474da2a764 | ITER: 3 END: OK
2017-06-14 03:01:14.824 31728 INFO rally.plugins.openstack.context.cleanup.user [-] Task 3721ded6-a78d-4678-8377-a9474da2a764 | Starting:  user resources cleanup
2017-06-14 03:01:34.003 31728 INFO rally.plugins.openstack.context.cleanup.user [-] Task 3721ded6-a78d-4678-8377-a9474da2a764 | Completed: user resources cleanup
2017-06-14 03:01:34.004 31728 INFO rally.plugins.openstack.context.keystone.users [-] Task 3721ded6-a78d-4678-8377-a9474da2a764 | Starting:  Exit context: `users`
2017-06-14 03:01:38.518 31728 INFO rally.plugins.openstack.context.keystone.users [-] Task 3721ded6-a78d-4678-8377-a9474da2a764 | Completed: Exit context: `users`
2017-06-14 03:01:40.462 31728 INFO rally.task.engine [-] Load duration is: 9.208283
2017-06-14 03:01:40.463 31728 INFO rally.task.engine [-] Full runner duration is: 11.248153
2017-06-14 03:01:40.463 31728 INFO rally.task.engine [-] Full duration is: 38.216651
2017-06-14 03:01:40.974 31728 INFO rally.task.engine [-] Running benchmark with key: 
{
  "kw": {
    "runner": {
      "type": "constant", 
      "concurrency": 1, 
      "times": 3
    }, 
    "args": {
      "detailed": true, 
      "size": {
        "max": 5, 
        "min": 1
      }
    }, 
    "context": {
      "users": {
        "users_per_tenant": 1, 
        "tenants": 1
      }
    }
  }, 
  "name": "CinderVolumes.create_and_list_volume", 
  "pos": 0
}
2017-06-14 03:01:40.983 31728 INFO rally.plugins.openstack.context.keystone.users [-] Task 3721ded6-a78d-4678-8377-a9474da2a764 | Starting:  Enter context: `users`
2017-06-14 03:01:43.470 31728 INFO rally.plugins.openstack.context.keystone.users [-] Task 3721ded6-a78d-4678-8377-a9474da2a764 | Completed: Enter context: `users`
2017-06-14 03:01:43.486 17958 INFO rally.task.runner [-] Task 3721ded6-a78d-4678-8377-a9474da2a764 | ITER: 1 START
2017-06-14 03:01:46.765 17958 INFO rally.task.runner [-] Task 3721ded6-a78d-4678-8377-a9474da2a764 | ITER: 1 END: OK
2017-06-14 03:01:46.768 17958 INFO rally.task.runner [-] Task 3721ded6-a78d-4678-8377-a9474da2a764 | ITER: 2 START
2017-06-14 03:01:50.143 17958 INFO rally.task.runner [-] Task 3721ded6-a78d-4678-8377-a9474da2a764 | ITER: 2 END: OK
2017-06-14 03:01:50.144 17958 INFO rally.task.runner [-] Task 3721ded6-a78d-4678-8377-a9474da2a764 | ITER: 3 START
2017-06-14 03:01:53.459 17958 INFO rally.task.runner [-] Task 3721ded6-a78d-4678-8377-a9474da2a764 | ITER: 3 END: OK
2017-06-14 03:01:53.477 31728 INFO rally.plugins.openstack.context.cleanup.user [-] Task 3721ded6-a78d-4678-8377-a9474da2a764 | Starting:  user resources cleanup
2017-06-14 03:02:55.486 31728 INFO rally.plugins.openstack.context.cleanup.user [-] Task 3721ded6-a78d-4678-8377-a9474da2a764 | Completed: user resources cleanup
2017-06-14 03:02:55.488 31728 INFO rally.plugins.openstack.context.keystone.users [-] Task 3721ded6-a78d-4678-8377-a9474da2a764 | Starting:  Exit context: `users`
2017-06-14 03:03:02.587 31728 INFO rally.plugins.openstack.context.keystone.users [-] Task 3721ded6-a78d-4678-8377-a9474da2a764 | Completed: Exit context: `users`
2017-06-14 03:03:03.278 31728 INFO rally.task.engine [-] Load duration is: 7.970789
2017-06-14 03:03:03.279 31728 INFO rally.task.engine [-] Full runner duration is: 10.001656
2017-06-14 03:03:03.279 31728 INFO rally.task.engine [-] Full duration is: 81.605272
2017-06-14 03:03:04.924 31728 INFO rally.task.engine [-] Running benchmark with key: 
{
  "kw": {
    "runner": {
      "type": "constant", 
      "concurrency": 2, 
      "times": 5
    }, 
    "args": {
      "description": "rally tests creating types"
    }, 
    "sla": {
      "failure_rate": {
        "max": 0
      }
    }, 
    "context": {
      "users": {
        "users_per_tenant": 2, 
        "tenants": 2
      }
    }
  }, 
  "name": "CinderVolumeTypes.create_and_delete_volume_type", 
  "pos": 0
}
2017-06-14 03:03:04.933 31728 INFO rally.plugins.openstack.context.keystone.users [-] Task 3721ded6-a78d-4678-8377-a9474da2a764 | Starting:  Enter context: `users`
2017-06-14 03:03:09.662 31728 INFO rally.plugins.openstack.context.keystone.users [-] Task 3721ded6-a78d-4678-8377-a9474da2a764 | Completed: Enter context: `users`
2017-06-14 03:03:09.690 18339 INFO rally.task.runner [-] Task 3721ded6-a78d-4678-8377-a9474da2a764 | ITER: 1 START
2017-06-14 03:03:09.692 18343 INFO rally.task.runner [-] Task 3721ded6-a78d-4678-8377-a9474da2a764 | ITER: 2 START
2017-06-14 03:03:10.771 18339 INFO rally.task.runner [-] Task 3721ded6-a78d-4678-8377-a9474da2a764 | ITER: 1 END: OK
2017-06-14 03:03:10.774 18339 INFO rally.task.runner [-] Task 3721ded6-a78d-4678-8377-a9474da2a764 | ITER: 3 START
2017-06-14 03:03:10.858 18343 INFO rally.task.runner [-] Task 3721ded6-a78d-4678-8377-a9474da2a764 | ITER: 2 END: OK
2017-06-14 03:03:10.861 18343 INFO rally.task.runner [-] Task 3721ded6-a78d-4678-8377-a9474da2a764 | ITER: 4 START
2017-06-14 03:03:11.683 18339 INFO rally.task.runner [-] Task 3721ded6-a78d-4678-8377-a9474da2a764 | ITER: 3 END: OK
2017-06-14 03:03:11.685 18339 INFO rally.task.runner [-] Task 3721ded6-a78d-4678-8377-a9474da2a764 | ITER: 5 START
2017-06-14 03:03:11.775 18343 INFO rally.task.runner [-] Task 3721ded6-a78d-4678-8377-a9474da2a764 | ITER: 4 END: OK
2017-06-14 03:03:12.453 18339 INFO rally.task.runner [-] Task 3721ded6-a78d-4678-8377-a9474da2a764 | ITER: 5 END: OK
2017-06-14 03:03:12.473 31728 INFO rally.plugins.openstack.context.cleanup.admin [-] Task 3721ded6-a78d-4678-8377-a9474da2a764 | Starting:  admin resources cleanup
2017-06-14 03:03:14.295 31728 INFO rally.plugins.openstack.context.cleanup.admin [-] Task 3721ded6-a78d-4678-8377-a9474da2a764 | Completed: admin resources cleanup
2017-06-14 03:03:14.295 31728 INFO rally.plugins.openstack.context.keystone.users [-] Task 3721ded6-a78d-4678-8377-a9474da2a764 | Starting:  Exit context: `users`
2017-06-14 03:03:20.841 31728 INFO rally.plugins.openstack.context.keystone.users [-] Task 3721ded6-a78d-4678-8377-a9474da2a764 | Completed: Exit context: `users`
2017-06-14 03:03:21.007 31728 INFO rally.task.engine [-] Load duration is: 2.760632
2017-06-14 03:03:21.008 31728 INFO rally.task.engine [-] Full runner duration is: 2.805805
2017-06-14 03:03:21.008 31728 INFO rally.task.engine [-] Full duration is: 15.910848
2017-06-14 03:03:21.556 31728 INFO rally.task.engine [-] Running benchmark with key: 
{
  "kw": {
    "runner": {
      "type": "constant", 
      "concurrency": 2, 
      "times": 2
    }, 
    "args": {
      "detailed": true, 
      "create_volume_kwargs": {}, 
      "create_backup_kwargs": {}, 
      "do_delete": true, 
      "size": 1
    }, 
    "context": {
      "users": {
        "users_per_tenant": 1, 
        "tenants": 1
      }, 
      "roles": [
        "Member"
      ]
    }
  }, 
  "name": "CinderVolumes.create_and_list_volume_backups", 
  "pos": 0
}
2017-06-14 03:03:21.564 31728 INFO rally.plugins.openstack.context.keystone.users [-] Task 3721ded6-a78d-4678-8377-a9474da2a764 | Starting:  Enter context: `users`
2017-06-14 03:03:24.086 31728 INFO rally.plugins.openstack.context.keystone.users [-] Task 3721ded6-a78d-4678-8377-a9474da2a764 | Completed: Enter context: `users`
2017-06-14 03:03:24.087 31728 INFO rally.plugins.openstack.context.keystone.roles [-] Task 3721ded6-a78d-4678-8377-a9474da2a764 | Starting:  Enter context: `roles`
2017-06-14 03:03:24.623 31728 WARNING rally.common.broker [-] Failed to publish a task to the queue: There is no role with name `Member`.
2017-06-14 03:03:24.630 31728 INFO rally.plugins.openstack.context.keystone.roles [-] Task 3721ded6-a78d-4678-8377-a9474da2a764 | Completed: Enter context: `roles`
2017-06-14 03:03:24.647 18517 INFO rally.task.runner [-] Task 3721ded6-a78d-4678-8377-a9474da2a764 | ITER: 1 START
2017-06-14 03:03:24.652 18518 INFO rally.task.runner [-] Task 3721ded6-a78d-4678-8377-a9474da2a764 | ITER: 2 START
2017-06-14 03:04:54.905 18518 INFO rally.task.runner [-] Task 3721ded6-a78d-4678-8377-a9474da2a764 | ITER: 2 END: OK
2017-06-14 03:04:59.747 18517 INFO rally.task.runner [-] Task 3721ded6-a78d-4678-8377-a9474da2a764 | ITER: 1 END: OK
2017-06-14 03:04:59.767 31728 INFO rally.plugins.openstack.context.cleanup.user [-] Task 3721ded6-a78d-4678-8377-a9474da2a764 | Starting:  user resources cleanup
2017-06-14 03:05:00.485 31728 INFO rally.plugins.openstack.context.cleanup.user [-] Task 3721ded6-a78d-4678-8377-a9474da2a764 | Completed: user resources cleanup
2017-06-14 03:05:00.486 31728 INFO rally.plugins.openstack.context.keystone.roles [-] Task 3721ded6-a78d-4678-8377-a9474da2a764 | Starting:  Exit context: `roles`
2017-06-14 03:05:00.491 31728 INFO rally.plugins.openstack.context.keystone.roles [-] Task 3721ded6-a78d-4678-8377-a9474da2a764 | Completed: Exit context: `roles`
2017-06-14 03:05:00.491 31728 INFO rally.plugins.openstack.context.keystone.users [-] Task 3721ded6-a78d-4678-8377-a9474da2a764 | Starting:  Exit context: `users`
2017-06-14 03:05:05.380 31728 INFO rally.plugins.openstack.context.keystone.users [-] Task 3721ded6-a78d-4678-8377-a9474da2a764 | Completed: Exit context: `users`
2017-06-14 03:05:05.906 31728 INFO rally.task.engine [-] Load duration is: 93.099486
2017-06-14 03:05:05.906 31728 INFO rally.task.engine [-] Full runner duration is: 95.130229
2017-06-14 03:05:05.907 31728 INFO rally.task.engine [-] Full duration is: 103.817659
2017-06-14 03:05:06.392 31728 INFO rally.task.engine [-] Running benchmark with key: 
{
  "kw": {
    "runner": {
      "type": "constant", 
      "concurrency": 2, 
      "times": 2
    }, 
    "args": {
      "image": {
        "name": "cirros"
      }, 
      "size": 1
    }, 
    "context": {
      "users": {
        "users_per_tenant": 2, 
        "tenants": 2
      }
    }
  }, 
  "name": "CinderVolumes.create_and_delete_volume", 
  "pos": 0
}
2017-06-14 03:05:06.398 31728 INFO rally.plugins.openstack.context.keystone.users [-] Task 3721ded6-a78d-4678-8377-a9474da2a764 | Starting:  Enter context: `users`
2017-06-14 03:05:11.381 31728 INFO rally.plugins.openstack.context.keystone.users [-] Task 3721ded6-a78d-4678-8377-a9474da2a764 | Completed: Enter context: `users`
2017-06-14 03:05:11.938 19122 INFO rally.task.runner [-] Task 3721ded6-a78d-4678-8377-a9474da2a764 | ITER: 1 START
2017-06-14 03:05:11.940 19123 INFO rally.task.runner [-] Task 3721ded6-a78d-4678-8377-a9474da2a764 | ITER: 2 START
2017-06-14 03:05:35.769 19123 INFO rally.task.runner [-] Task 3721ded6-a78d-4678-8377-a9474da2a764 | ITER: 2 END: OK
2017-06-14 03:05:42.276 19122 INFO rally.task.runner [-] Task 3721ded6-a78d-4678-8377-a9474da2a764 | ITER: 1 END: OK
2017-06-14 03:05:42.294 31728 INFO rally.plugins.openstack.context.cleanup.user [-] Task 3721ded6-a78d-4678-8377-a9474da2a764 | Starting:  user resources cleanup
2017-06-14 03:05:43.884 31728 INFO rally.plugins.openstack.context.cleanup.user [-] Task 3721ded6-a78d-4678-8377-a9474da2a764 | Completed: user resources cleanup
2017-06-14 03:05:43.884 31728 INFO rally.plugins.openstack.context.keystone.users [-] Task 3721ded6-a78d-4678-8377-a9474da2a764 | Starting:  Exit context: `users`
2017-06-14 03:05:50.224 31728 INFO rally.plugins.openstack.context.keystone.users [-] Task 3721ded6-a78d-4678-8377-a9474da2a764 | Completed: Exit context: `users`
2017-06-14 03:05:50.550 31728 INFO rally.task.engine [-] Load duration is: 28.335838
2017-06-14 03:05:50.551 31728 INFO rally.task.engine [-] Full runner duration is: 30.366461
2017-06-14 03:05:50.551 31728 INFO rally.task.engine [-] Full duration is: 43.827506
2017-06-14 03:05:50.938 31728 INFO rally.task.engine [-] Running benchmark with key: 
{
  "kw": {
    "runner": {
      "type": "constant", 
      "concurrency": 2, 
      "times": 3
    }, 
    "args": {
      "force": false, 
      "do_delete": true, 
      "container_format": "bare", 
      "image": {
        "name": "cirros"
      }, 
      "disk_format": "raw", 
      "size": 1
    }, 
    "context": {
      "users": {
        "users_per_tenant": 2, 
        "tenants": 2
      }
    }
  }, 
  "name": "CinderVolumes.create_and_upload_volume_to_image", 
  "pos": 0
}
2017-06-14 03:05:50.946 31728 INFO rally.plugins.openstack.context.keystone.users [-] Task 3721ded6-a78d-4678-8377-a9474da2a764 | Starting:  Enter context: `users`
2017-06-14 03:05:54.270 31728 INFO rally.plugins.openstack.context.keystone.users [-] Task 3721ded6-a78d-4678-8377-a9474da2a764 | Completed: Enter context: `users`
2017-06-14 03:05:54.809 19466 INFO rally.task.runner [-] Task 3721ded6-a78d-4678-8377-a9474da2a764 | ITER: 1 START
2017-06-14 03:05:54.811 19467 INFO rally.task.runner [-] Task 3721ded6-a78d-4678-8377-a9474da2a764 | ITER: 2 START
2017-06-14 03:06:31.443 19467 INFO rally.task.runner [-] Task 3721ded6-a78d-4678-8377-a9474da2a764 | ITER: 2 END: OK
2017-06-14 03:06:31.449 19467 INFO rally.task.runner [-] Task 3721ded6-a78d-4678-8377-a9474da2a764 | ITER: 3 START
2017-06-14 03:06:40.039 19466 INFO rally.task.runner [-] Task 3721ded6-a78d-4678-8377-a9474da2a764 | ITER: 1 END: OK
2017-06-14 03:07:02.372 19467 INFO rally.task.runner [-] Task 3721ded6-a78d-4678-8377-a9474da2a764 | ITER: 3 END: OK
2017-06-14 03:07:02.395 31728 INFO rally.plugins.openstack.context.cleanup.user [-] Task 3721ded6-a78d-4678-8377-a9474da2a764 | Starting:  user resources cleanup
2017-06-14 03:07:04.482 31728 INFO rally.plugins.openstack.context.cleanup.user [-] Task 3721ded6-a78d-4678-8377-a9474da2a764 | Completed: user resources cleanup
2017-06-14 03:07:04.482 31728 INFO rally.plugins.openstack.context.keystone.users [-] Task 3721ded6-a78d-4678-8377-a9474da2a764 | Starting:  Exit context: `users`
2017-06-14 03:07:14.687 31728 INFO rally.plugins.openstack.context.keystone.users [-] Task 3721ded6-a78d-4678-8377-a9474da2a764 | Completed: Exit context: `users`
2017-06-14 03:07:15.203 31728 INFO rally.task.engine [-] Load duration is: 65.561801
2017-06-14 03:07:15.204 31728 INFO rally.task.engine [-] Full runner duration is: 67.597676
2017-06-14 03:07:15.204 31728 INFO rally.task.engine [-] Full duration is: 83.743076
2017-06-14 03:07:15.715 31728 INFO rally.task.engine [-] Running benchmark with key: 
{
  "kw": {
    "runner": {
      "type": "constant", 
      "concurrency": 2, 
      "times": 3
    }, 
    "args": {
      "force": false, 
      "do_delete": true, 
      "container_format": "bare", 
      "image": {
        "name": "cirros"
      }, 
      "disk_format": "raw", 
      "size": {
        "max": 5, 
        "min": 1
      }
    }, 
    "context": {
      "users": {
        "users_per_tenant": 2, 
        "tenants": 2
      }
    }
  }, 
  "name": "CinderVolumes.create_and_upload_volume_to_image", 
  "pos": 0
}
2017-06-14 03:07:15.728 31728 INFO rally.plugins.openstack.context.keystone.users [-] Task 3721ded6-a78d-4678-8377-a9474da2a764 | Starting:  Enter context: `users`
2017-06-14 03:07:19.437 31728 INFO rally.plugins.openstack.context.keystone.users [-] Task 3721ded6-a78d-4678-8377-a9474da2a764 | Completed: Enter context: `users`
2017-06-14 03:07:20.081 19981 INFO rally.task.runner [-] Task 3721ded6-a78d-4678-8377-a9474da2a764 | ITER: 1 START
2017-06-14 03:07:20.084 19982 INFO rally.task.runner [-] Task 3721ded6-a78d-4678-8377-a9474da2a764 | ITER: 2 START
2017-06-14 03:08:16.567 19982 INFO rally.task.runner [-] Task 3721ded6-a78d-4678-8377-a9474da2a764 | ITER: 2 END: OK
2017-06-14 03:08:16.571 19982 INFO rally.task.runner [-] Task 3721ded6-a78d-4678-8377-a9474da2a764 | ITER: 3 START
2017-06-14 03:08:49.547 19981 INFO rally.task.runner [-] Task 3721ded6-a78d-4678-8377-a9474da2a764 | ITER: 1 END: OK
2017-06-14 03:09:18.809 19982 INFO rally.task.runner [-] Task 3721ded6-a78d-4678-8377-a9474da2a764 | ITER: 3 END: OK
2017-06-14 03:09:18.830 31728 INFO rally.plugins.openstack.context.cleanup.user [-] Task 3721ded6-a78d-4678-8377-a9474da2a764 | Starting:  user resources cleanup
2017-06-14 03:09:21.091 31728 INFO rally.plugins.openstack.context.cleanup.user [-] Task 3721ded6-a78d-4678-8377-a9474da2a764 | Completed: user resources cleanup
2017-06-14 03:09:21.092 31728 INFO rally.plugins.openstack.context.keystone.users [-] Task 3721ded6-a78d-4678-8377-a9474da2a764 | Starting:  Exit context: `users`
2017-06-14 03:09:28.692 31728 INFO rally.plugins.openstack.context.keystone.users [-] Task 3721ded6-a78d-4678-8377-a9474da2a764 | Completed: Exit context: `users`
2017-06-14 03:09:30.312 31728 INFO rally.task.engine [-] Load duration is: 116.725846
2017-06-14 03:09:30.312 31728 INFO rally.task.engine [-] Full runner duration is: 118.764307
2017-06-14 03:09:30.313 31728 INFO rally.task.engine [-] Full duration is: 132.968104
2017-06-14 03:09:30.937 31728 INFO rally.task.engine [-] Running benchmark with key: 
{
  "kw": {
    "runner": {
      "type": "constant", 
      "concurrency": 2, 
      "times": 10
    }, 
    "context": {
      "users": {
        "users_per_tenant": 2, 
        "tenants": 2
      }, 
      "volumes": {
        "size": 1
      }
    }
  }, 
  "name": "CinderVolumes.modify_volume_metadata", 
  "pos": 0
}
2017-06-14 03:09:30.945 31728 INFO rally.plugins.openstack.context.keystone.users [-] Task 3721ded6-a78d-4678-8377-a9474da2a764 | Starting:  Enter context: `users`
2017-06-14 03:09:35.805 31728 INFO rally.plugins.openstack.context.keystone.users [-] Task 3721ded6-a78d-4678-8377-a9474da2a764 | Completed: Enter context: `users`
2017-06-14 03:09:35.806 31728 INFO rally.plugins.openstack.context.cinder.volumes [-] Task 3721ded6-a78d-4678-8377-a9474da2a764 | Starting:  Enter context: `Volumes`
2017-06-14 03:09:42.408 31728 INFO rally.plugins.openstack.context.cinder.volumes [-] Task 3721ded6-a78d-4678-8377-a9474da2a764 | Completed: Enter context: `Volumes`
2017-06-14 03:09:42.434 20557 INFO rally.task.runner [-] Task 3721ded6-a78d-4678-8377-a9474da2a764 | ITER: 1 START
2017-06-14 03:09:42.439 20558 INFO rally.task.runner [-] Task 3721ded6-a78d-4678-8377-a9474da2a764 | ITER: 2 START
2017-06-14 03:09:47.273 20558 INFO rally.task.runner [-] Task 3721ded6-a78d-4678-8377-a9474da2a764 | ITER: 2 END: OK
2017-06-14 03:09:47.276 20558 INFO rally.task.runner [-] Task 3721ded6-a78d-4678-8377-a9474da2a764 | ITER: 3 START
2017-06-14 03:09:47.455 20557 INFO rally.task.runner [-] Task 3721ded6-a78d-4678-8377-a9474da2a764 | ITER: 1 END: OK
2017-06-14 03:09:47.460 20557 INFO rally.task.runner [-] Task 3721ded6-a78d-4678-8377-a9474da2a764 | ITER: 4 START
2017-06-14 03:09:52.642 20557 INFO rally.task.runner [-] Task 3721ded6-a78d-4678-8377-a9474da2a764 | ITER: 4 END: OK
2017-06-14 03:09:52.645 20557 INFO rally.task.runner [-] Task 3721ded6-a78d-4678-8377-a9474da2a764 | ITER: 5 START
2017-06-14 03:09:52.901 20558 INFO rally.task.runner [-] Task 3721ded6-a78d-4678-8377-a9474da2a764 | ITER: 3 END: OK
2017-06-14 03:09:52.903 20558 INFO rally.task.runner [-] Task 3721ded6-a78d-4678-8377-a9474da2a764 | ITER: 6 START
2017-06-14 03:09:57.629 20557 INFO rally.task.runner [-] Task 3721ded6-a78d-4678-8377-a9474da2a764 | ITER: 5 END: OK
2017-06-14 03:09:57.632 20557 INFO rally.task.runner [-] Task 3721ded6-a78d-4678-8377-a9474da2a764 | ITER: 7 START
2017-06-14 03:09:58.280 20558 INFO rally.task.runner [-] Task 3721ded6-a78d-4678-8377-a9474da2a764 | ITER: 6 END: OK
2017-06-14 03:09:58.283 20558 INFO rally.task.runner [-] Task 3721ded6-a78d-4678-8377-a9474da2a764 | ITER: 8 START
2017-06-14 03:10:06.287 20557 INFO rally.task.runner [-] Task 3721ded6-a78d-4678-8377-a9474da2a764 | ITER: 7 END: OK
2017-06-14 03:10:06.290 20557 INFO rally.task.runner [-] Task 3721ded6-a78d-4678-8377-a9474da2a764 | ITER: 9 START
2017-06-14 03:10:07.216 20558 INFO rally.task.runner [-] Task 3721ded6-a78d-4678-8377-a9474da2a764 | ITER: 8 END: OK
2017-06-14 03:10:07.218 20558 INFO rally.task.runner [-] Task 3721ded6-a78d-4678-8377-a9474da2a764 | ITER: 10 START
2017-06-14 03:10:15.207 20557 INFO rally.task.runner [-] Task 3721ded6-a78d-4678-8377-a9474da2a764 | ITER: 9 END: OK
2017-06-14 03:10:15.926 20558 INFO rally.task.runner [-] Task 3721ded6-a78d-4678-8377-a9474da2a764 | ITER: 10 END: OK
2017-06-14 03:10:15.951 31728 INFO rally.plugins.openstack.context.cleanup.user [-] Task 3721ded6-a78d-4678-8377-a9474da2a764 | Starting:  user resources cleanup
2017-06-14 03:10:34.060 31728 INFO rally.plugins.openstack.context.cleanup.user [-] Task 3721ded6-a78d-4678-8377-a9474da2a764 | Completed: user resources cleanup
2017-06-14 03:10:34.061 31728 INFO rally.plugins.openstack.context.cinder.volumes [-] Task 3721ded6-a78d-4678-8377-a9474da2a764 | Starting:  Exit context: `Volumes`
2017-06-14 03:10:34.455 31728 INFO rally.plugins.openstack.context.cinder.volumes [-] Task 3721ded6-a78d-4678-8377-a9474da2a764 | Completed: Exit context: `Volumes`
2017-06-14 03:10:34.455 31728 INFO rally.plugins.openstack.context.keystone.users [-] Task 3721ded6-a78d-4678-8377-a9474da2a764 | Starting:  Exit context: `users`
2017-06-14 03:10:42.814 31728 INFO rally.plugins.openstack.context.keystone.users [-] Task 3721ded6-a78d-4678-8377-a9474da2a764 | Completed: Exit context: `users`
2017-06-14 03:10:43.180 31728 INFO rally.task.engine [-] Load duration is: 33.490653
2017-06-14 03:10:43.180 31728 INFO rally.task.engine [-] Full runner duration is: 33.536392
2017-06-14 03:10:43.180 31728 INFO rally.task.engine [-] Full duration is: 71.871729
2017-06-14 03:10:43.753 31728 INFO rally.task.engine [-] Running benchmark with key: 
{
  "kw": {
    "runner": {
      "type": "constant", 
      "concurrency": 2, 
      "times": 2
    }, 
    "args": {
      "new_size": 2, 
      "size": 1
    }, 
    "context": {
      "users": {
        "users_per_tenant": 1, 
        "tenants": 1
      }
    }
  }, 
  "name": "CinderVolumes.create_and_extend_volume", 
  "pos": 0
}
2017-06-14 03:10:43.760 31728 INFO rally.plugins.openstack.context.keystone.users [-] Task 3721ded6-a78d-4678-8377-a9474da2a764 | Starting:  Enter context: `users`
2017-06-14 03:10:46.142 31728 INFO rally.plugins.openstack.context.keystone.users [-] Task 3721ded6-a78d-4678-8377-a9474da2a764 | Completed: Enter context: `users`
2017-06-14 03:10:46.159 22036 INFO rally.task.runner [-] Task 3721ded6-a78d-4678-8377-a9474da2a764 | ITER: 1 START
2017-06-14 03:10:46.161 22037 INFO rally.task.runner [-] Task 3721ded6-a78d-4678-8377-a9474da2a764 | ITER: 2 START
2017-06-14 03:11:12.293 22036 INFO rally.task.runner [-] Task 3721ded6-a78d-4678-8377-a9474da2a764 | ITER: 1 END: OK
2017-06-14 03:11:12.454 22037 INFO rally.task.runner [-] Task 3721ded6-a78d-4678-8377-a9474da2a764 | ITER: 2 END: OK
2017-06-14 03:11:12.479 31728 INFO rally.plugins.openstack.context.cleanup.user [-] Task 3721ded6-a78d-4678-8377-a9474da2a764 | Starting:  user resources cleanup
2017-06-14 03:11:13.218 31728 INFO rally.plugins.openstack.context.cleanup.user [-] Task 3721ded6-a78d-4678-8377-a9474da2a764 | Completed: user resources cleanup
2017-06-14 03:11:13.218 31728 INFO rally.plugins.openstack.context.keystone.users [-] Task 3721ded6-a78d-4678-8377-a9474da2a764 | Starting:  Exit context: `users`
2017-06-14 03:11:18.312 31728 INFO rally.plugins.openstack.context.keystone.users [-] Task 3721ded6-a78d-4678-8377-a9474da2a764 | Completed: Exit context: `users`
2017-06-14 03:11:19.888 31728 INFO rally.task.engine [-] Load duration is: 24.292849
2017-06-14 03:11:19.888 31728 INFO rally.task.engine [-] Full runner duration is: 26.331475
2017-06-14 03:11:19.889 31728 INFO rally.task.engine [-] Full duration is: 34.554286
2017-06-14 03:11:20.828 31728 INFO rally.task.engine [-] Running benchmark with key: 
{
  "kw": {
    "runner": {
      "type": "constant", 
      "concurrency": 2, 
      "times": 2
    }, 
    "args": {
      "new_size": {
        "max": 10, 
        "min": 6
      }, 
      "size": {
        "max": 5, 
        "min": 1
      }
    }, 
    "context": {
      "users": {
        "users_per_tenant": 1, 
        "tenants": 1
      }
    }
  }, 
  "name": "CinderVolumes.create_and_extend_volume", 
  "pos": 0
}
2017-06-14 03:11:20.836 31728 INFO rally.plugins.openstack.context.keystone.users [-] Task 3721ded6-a78d-4678-8377-a9474da2a764 | Starting:  Enter context: `users`
2017-06-14 03:11:24.061 31728 INFO rally.plugins.openstack.context.keystone.users [-] Task 3721ded6-a78d-4678-8377-a9474da2a764 | Completed: Enter context: `users`
2017-06-14 03:11:24.075 22356 INFO rally.task.runner [-] Task 3721ded6-a78d-4678-8377-a9474da2a764 | ITER: 1 START
2017-06-14 03:11:24.078 22357 INFO rally.task.runner [-] Task 3721ded6-a78d-4678-8377-a9474da2a764 | ITER: 2 START
2017-06-14 03:12:49.737 22356 INFO rally.task.runner [-] Task 3721ded6-a78d-4678-8377-a9474da2a764 | ITER: 1 END: OK
2017-06-14 03:12:49.824 22357 INFO rally.task.runner [-] Task 3721ded6-a78d-4678-8377-a9474da2a764 | ITER: 2 END: OK
2017-06-14 03:12:49.848 31728 INFO rally.plugins.openstack.context.cleanup.user [-] Task 3721ded6-a78d-4678-8377-a9474da2a764 | Starting:  user resources cleanup
2017-06-14 03:12:50.596 31728 INFO rally.plugins.openstack.context.cleanup.user [-] Task 3721ded6-a78d-4678-8377-a9474da2a764 | Completed: user resources cleanup
2017-06-14 03:12:50.596 31728 INFO rally.plugins.openstack.context.keystone.users [-] Task 3721ded6-a78d-4678-8377-a9474da2a764 | Starting:  Exit context: `users`
2017-06-14 03:12:55.364 31728 INFO rally.plugins.openstack.context.keystone.users [-] Task 3721ded6-a78d-4678-8377-a9474da2a764 | Completed: Exit context: `users`
2017-06-14 03:12:55.473 31728 INFO rally.task.engine [-] Load duration is: 83.747264
2017-06-14 03:12:55.473 31728 INFO rally.task.engine [-] Full runner duration is: 85.781857
2017-06-14 03:12:55.473 31728 INFO rally.task.engine [-] Full duration is: 94.52986
2017-06-14 03:12:55.890 31728 INFO rally.task.engine [-] Running benchmark with key: 
{
  "kw": {
    "runner": {
      "type": "constant", 
      "concurrency": 2, 
      "times": 3
    }, 
    "args": {
      "detailed": true
    }, 
    "sla": {
      "failure_rate": {
        "max": 0
      }
    }, 
    "context": {
      "users": {
        "users_per_tenant": 2, 
        "tenants": 3
      }
    }
  }, 
  "name": "CinderVolumes.list_transfers", 
  "pos": 0
}
2017-06-14 03:12:55.898 31728 INFO rally.plugins.openstack.context.keystone.users [-] Task 3721ded6-a78d-4678-8377-a9474da2a764 | Starting:  Enter context: `users`
2017-06-14 03:13:00.110 31728 INFO rally.plugins.openstack.context.keystone.users [-] Task 3721ded6-a78d-4678-8377-a9474da2a764 | Completed: Enter context: `users`
2017-06-14 03:13:00.133 22692 INFO rally.task.runner [-] Task 3721ded6-a78d-4678-8377-a9474da2a764 | ITER: 1 START
2017-06-14 03:13:00.135 22693 INFO rally.task.runner [-] Task 3721ded6-a78d-4678-8377-a9474da2a764 | ITER: 2 START
2017-06-14 03:13:00.678 22693 INFO rally.task.runner [-] Task 3721ded6-a78d-4678-8377-a9474da2a764 | ITER: 2 END: OK
2017-06-14 03:13:00.681 22693 INFO rally.task.runner [-] Task 3721ded6-a78d-4678-8377-a9474da2a764 | ITER: 3 START
2017-06-14 03:13:00.705 22692 INFO rally.task.runner [-] Task 3721ded6-a78d-4678-8377-a9474da2a764 | ITER: 1 END: OK
2017-06-14 03:13:01.186 22693 INFO rally.task.runner [-] Task 3721ded6-a78d-4678-8377-a9474da2a764 | ITER: 3 END: OK
2017-06-14 03:13:01.210 31728 INFO rally.plugins.openstack.context.keystone.users [-] Task 3721ded6-a78d-4678-8377-a9474da2a764 | Starting:  Exit context: `users`
2017-06-14 03:13:10.038 31728 INFO rally.plugins.openstack.context.keystone.users [-] Task 3721ded6-a78d-4678-8377-a9474da2a764 | Completed: Exit context: `users`
2017-06-14 03:13:11.961 31728 INFO rally.task.engine [-] Load duration is: 1.050805
2017-06-14 03:13:11.961 31728 INFO rally.task.engine [-] Full runner duration is: 1.0942
2017-06-14 03:13:11.961 31728 INFO rally.task.engine [-] Full duration is: 14.141697
2017-06-14 03:13:13.034 31728 INFO rally.task.engine [-] Running benchmark with key: 
{
  "kw": {
    "runner": {
      "type": "constant", 
      "concurrency": 2, 
      "times": 10
    }, 
    "args": {
      "is_public": true
    }, 
    "sla": {
      "failure_rate": {
        "max": 0
      }
    }, 
    "context": {
      "users": {
        "users_per_tenant": 3, 
        "tenants": 2
      }
    }
  }, 
  "name": "CinderVolumes.list_types", 
  "pos": 0
}
2017-06-14 03:13:13.047 31728 INFO rally.plugins.openstack.context.keystone.users [-] Task 3721ded6-a78d-4678-8377-a9474da2a764 | Starting:  Enter context: `users`
2017-06-14 03:13:18.043 31728 INFO rally.plugins.openstack.context.keystone.users [-] Task 3721ded6-a78d-4678-8377-a9474da2a764 | Completed: Enter context: `users`
2017-06-14 03:13:18.060 22817 INFO rally.task.runner [-] Task 3721ded6-a78d-4678-8377-a9474da2a764 | ITER: 1 START
2017-06-14 03:13:18.062 22818 INFO rally.task.runner [-] Task 3721ded6-a78d-4678-8377-a9474da2a764 | ITER: 2 START
2017-06-14 03:13:18.634 22817 INFO rally.task.runner [-] Task 3721ded6-a78d-4678-8377-a9474da2a764 | ITER: 1 END: OK
2017-06-14 03:13:18.642 22817 INFO rally.task.runner [-] Task 3721ded6-a78d-4678-8377-a9474da2a764 | ITER: 3 START
2017-06-14 03:13:18.665 22818 INFO rally.task.runner [-] Task 3721ded6-a78d-4678-8377-a9474da2a764 | ITER: 2 END: OK
2017-06-14 03:13:18.668 22818 INFO rally.task.runner [-] Task 3721ded6-a78d-4678-8377-a9474da2a764 | ITER: 4 START
2017-06-14 03:13:19.213 22817 INFO rally.task.runner [-] Task 3721ded6-a78d-4678-8377-a9474da2a764 | ITER: 3 END: OK
2017-06-14 03:13:19.215 22817 INFO rally.task.runner [-] Task 3721ded6-a78d-4678-8377-a9474da2a764 | ITER: 5 START
2017-06-14 03:13:19.237 22818 INFO rally.task.runner [-] Task 3721ded6-a78d-4678-8377-a9474da2a764 | ITER: 4 END: OK
2017-06-14 03:13:19.240 22818 INFO rally.task.runner [-] Task 3721ded6-a78d-4678-8377-a9474da2a764 | ITER: 6 START
2017-06-14 03:13:19.756 22817 INFO rally.task.runner [-] Task 3721ded6-a78d-4678-8377-a9474da2a764 | ITER: 5 END: OK
2017-06-14 03:13:19.757 22817 INFO rally.task.runner [-] Task 3721ded6-a78d-4678-8377-a9474da2a764 | ITER: 7 START
2017-06-14 03:13:19.812 22818 INFO rally.task.runner [-] Task 3721ded6-a78d-4678-8377-a9474da2a764 | ITER: 6 END: OK
2017-06-14 03:13:19.815 22818 INFO rally.task.runner [-] Task 3721ded6-a78d-4678-8377-a9474da2a764 | ITER: 8 START
2017-06-14 03:13:20.351 22818 INFO rally.task.runner [-] Task 3721ded6-a78d-4678-8377-a9474da2a764 | ITER: 8 END: OK
2017-06-14 03:13:20.355 22818 INFO rally.task.runner [-] Task 3721ded6-a78d-4678-8377-a9474da2a764 | ITER: 9 START
2017-06-14 03:13:20.571 22817 INFO rally.task.runner [-] Task 3721ded6-a78d-4678-8377-a9474da2a764 | ITER: 7 END: OK
2017-06-14 03:13:20.573 22817 INFO rally.task.runner [-] Task 3721ded6-a78d-4678-8377-a9474da2a764 | ITER: 10 START
2017-06-14 03:13:20.904 22818 INFO rally.task.runner [-] Task 3721ded6-a78d-4678-8377-a9474da2a764 | ITER: 9 END: OK
2017-06-14 03:13:21.212 22817 INFO rally.task.runner [-] Task 3721ded6-a78d-4678-8377-a9474da2a764 | ITER: 10 END: OK
2017-06-14 03:13:21.232 31728 INFO rally.plugins.openstack.context.keystone.users [-] Task 3721ded6-a78d-4678-8377-a9474da2a764 | Starting:  Exit context: `users`
2017-06-14 03:13:28.720 31728 INFO rally.plugins.openstack.context.keystone.users [-] Task 3721ded6-a78d-4678-8377-a9474da2a764 | Completed: Exit context: `users`
2017-06-14 03:13:29.122 31728 INFO rally.task.engine [-] Load duration is: 3.149738
2017-06-14 03:13:29.122 31728 INFO rally.task.engine [-] Full runner duration is: 3.182982
2017-06-14 03:13:29.122 31728 INFO rally.task.engine [-] Full duration is: 15.674668
2017-06-14 03:13:30.063 31728 INFO rally.task.engine [-] Running benchmark with key: 
{
  "kw": {
    "runner": {
      "type": "constant", 
      "concurrency": 2, 
      "times": 4
    }, 
    "args": {
      "volume_type": "lvmdriver-1", 
      "size": {
        "max": 5, 
        "min": 1
      }
    }, 
    "context": {
      "users": {
        "users_per_tenant": 1, 
        "tenants": 2
      }, 
      "servers": {
        "servers_per_tenant": 2, 
        "image": {
          "name": "cirros"
        }, 
        "flavor": {
          "name": "m1.tiny"
        }
      }
    }
  }, 
  "name": "CinderVolumes.create_snapshot_and_attach_volume", 
  "pos": 0
}
2017-06-14 03:13:30.071 31728 INFO rally.plugins.openstack.context.keystone.users [-] Task 3721ded6-a78d-4678-8377-a9474da2a764 | Starting:  Enter context: `users`
2017-06-14 03:13:32.732 31728 INFO rally.plugins.openstack.context.keystone.users [-] Task 3721ded6-a78d-4678-8377-a9474da2a764 | Completed: Enter context: `users`
2017-06-14 03:13:32.733 31728 INFO rally.plugins.openstack.context.nova.servers [-] Task 3721ded6-a78d-4678-8377-a9474da2a764 | Starting:  Enter context: `Servers`
2017-06-14 03:13:56.244 31728 INFO rally.plugins.openstack.context.nova.servers [-] Task 3721ded6-a78d-4678-8377-a9474da2a764 | Completed: Enter context: `Servers`
2017-06-14 03:13:56.264 23038 INFO rally.task.runner [-] Task 3721ded6-a78d-4678-8377-a9474da2a764 | ITER: 1 START
2017-06-14 03:13:56.273 23041 INFO rally.task.runner [-] Task 3721ded6-a78d-4678-8377-a9474da2a764 | ITER: 2 START
2017-06-14 03:13:57.088 23038 INFO rally.task.runner [-] Task 3721ded6-a78d-4678-8377-a9474da2a764 | ITER: 1 END: Error NotFound: Volume type with name lvmdriver-1 could not be found. (HTTP 404) (Request-ID: req-0da45ca8-f55d-4bb8-a840-aae89822c156)
2017-06-14 03:13:57.088 23041 INFO rally.task.runner [-] Task 3721ded6-a78d-4678-8377-a9474da2a764 | ITER: 2 END: Error NotFound: Volume type with name lvmdriver-1 could not be found. (HTTP 404) (Request-ID: req-595dfb42-ccbc-4586-a96a-f55f3eb6eae2)
2017-06-14 03:13:57.090 23038 INFO rally.task.runner [-] Task 3721ded6-a78d-4678-8377-a9474da2a764 | ITER: 3 START
2017-06-14 03:13:57.092 23041 INFO rally.task.runner [-] Task 3721ded6-a78d-4678-8377-a9474da2a764 | ITER: 4 START
2017-06-14 03:13:57.682 23038 INFO rally.task.runner [-] Task 3721ded6-a78d-4678-8377-a9474da2a764 | ITER: 3 END: Error NotFound: Volume type with name lvmdriver-1 could not be found. (HTTP 404) (Request-ID: req-73737164-20c6-428f-9c25-7eab946cd28c)
2017-06-14 03:13:57.736 23041 INFO rally.task.runner [-] Task 3721ded6-a78d-4678-8377-a9474da2a764 | ITER: 4 END: Error NotFound: Volume type with name lvmdriver-1 could not be found. (HTTP 404) (Request-ID: req-f58f98e0-3448-4260-99ce-83dfe405fa08)
2017-06-14 03:13:57.762 31728 INFO rally.plugins.openstack.context.cleanup.user [-] Task 3721ded6-a78d-4678-8377-a9474da2a764 | Starting:  user resources cleanup
2017-06-14 03:14:08.860 31728 INFO rally.plugins.openstack.context.cleanup.user [-] Task 3721ded6-a78d-4678-8377-a9474da2a764 | Completed: user resources cleanup
2017-06-14 03:14:08.861 31728 INFO rally.plugins.openstack.context.nova.servers [-] Task 3721ded6-a78d-4678-8377-a9474da2a764 | Starting:  Exit context: `Servers`
2017-06-14 03:14:09.281 31728 INFO rally.plugins.openstack.context.nova.servers [-] Task 3721ded6-a78d-4678-8377-a9474da2a764 | Completed: Exit context: `Servers`
2017-06-14 03:14:09.281 31728 INFO rally.plugins.openstack.context.keystone.users [-] Task 3721ded6-a78d-4678-8377-a9474da2a764 | Starting:  Exit context: `users`
2017-06-14 03:14:14.914 31728 INFO rally.plugins.openstack.context.keystone.users [-] Task 3721ded6-a78d-4678-8377-a9474da2a764 | Completed: Exit context: `users`
2017-06-14 03:14:16.222 31728 INFO rally.task.engine [-] Load duration is: 1.46972
2017-06-14 03:14:16.222 31728 INFO rally.task.engine [-] Full runner duration is: 1.509967
2017-06-14 03:14:16.223 31728 INFO rally.task.engine [-] Full duration is: 44.845837
2017-06-14 03:14:16.757 31728 INFO rally.task.engine [-] Running benchmark with key: 
{
  "kw": {
    "runner": {
      "type": "constant", 
      "concurrency": 2, 
      "times": 4
    }, 
    "args": {
      "volume_type": "test", 
      "size": {
        "max": 5, 
        "min": 1
      }
    }, 
    "context": {
      "volume_types": [
        "test"
      ], 
      "users": {
        "users_per_tenant": 1, 
        "tenants": 2
      }, 
      "servers": {
        "servers_per_tenant": 2, 
        "image": {
          "name": "cirros"
        }, 
        "flavor": {
          "name": "m1.tiny"
        }
      }
    }
  }, 
  "name": "CinderVolumes.create_snapshot_and_attach_volume", 
  "pos": 0
}
2017-06-14 03:14:16.766 31728 INFO rally.plugins.openstack.context.keystone.users [-] Task 3721ded6-a78d-4678-8377-a9474da2a764 | Starting:  Enter context: `users`
2017-06-14 03:14:19.829 31728 INFO rally.plugins.openstack.context.keystone.users [-] Task 3721ded6-a78d-4678-8377-a9474da2a764 | Completed: Enter context: `users`
2017-06-14 03:14:19.829 31728 INFO rally.plugins.openstack.context.cinder.volume_types [-] Task 3721ded6-a78d-4678-8377-a9474da2a764 | Starting:  Enter context: `volume_types`
2017-06-14 03:14:20.416 31728 INFO rally.plugins.openstack.context.cinder.volume_types [-] Task 3721ded6-a78d-4678-8377-a9474da2a764 | Completed: Enter context: `volume_types`
2017-06-14 03:14:20.416 31728 INFO rally.plugins.openstack.context.nova.servers [-] Task 3721ded6-a78d-4678-8377-a9474da2a764 | Starting:  Enter context: `Servers`
2017-06-14 03:14:44.351 31728 INFO rally.plugins.openstack.context.nova.servers [-] Task 3721ded6-a78d-4678-8377-a9474da2a764 | Completed: Enter context: `Servers`
2017-06-14 03:14:44.375 23510 INFO rally.task.runner [-] Task 3721ded6-a78d-4678-8377-a9474da2a764 | ITER: 1 START
2017-06-14 03:14:44.378 23511 INFO rally.task.runner [-] Task 3721ded6-a78d-4678-8377-a9474da2a764 | ITER: 2 START
2017-06-14 03:16:02.683 23511 INFO rally.task.runner [-] Task 3721ded6-a78d-4678-8377-a9474da2a764 | ITER: 2 END: OK
2017-06-14 03:16:02.688 23511 INFO rally.task.runner [-] Task 3721ded6-a78d-4678-8377-a9474da2a764 | ITER: 3 START
2017-06-14 03:16:06.480 23510 INFO rally.task.runner [-] Task 3721ded6-a78d-4678-8377-a9474da2a764 | ITER: 1 END: OK
2017-06-14 03:16:06.483 23510 INFO rally.task.runner [-] Task 3721ded6-a78d-4678-8377-a9474da2a764 | ITER: 4 START
2017-06-14 03:17:45.778 23510 INFO rally.task.runner [-] Task 3721ded6-a78d-4678-8377-a9474da2a764 | ITER: 4 END: OK
2017-06-14 03:17:45.796 23511 INFO rally.task.runner [-] Task 3721ded6-a78d-4678-8377-a9474da2a764 | ITER: 3 END: OK
2017-06-14 03:17:45.814 31728 INFO rally.plugins.openstack.context.cleanup.user [-] Task 3721ded6-a78d-4678-8377-a9474da2a764 | Starting:  user resources cleanup
2017-06-14 03:17:55.658 31728 INFO rally.plugins.openstack.context.cleanup.user [-] Task 3721ded6-a78d-4678-8377-a9474da2a764 | Completed: user resources cleanup
2017-06-14 03:17:55.659 31728 INFO rally.plugins.openstack.context.nova.servers [-] Task 3721ded6-a78d-4678-8377-a9474da2a764 | Starting:  Exit context: `Servers`
2017-06-14 03:17:56.061 31728 INFO rally.plugins.openstack.context.nova.servers [-] Task 3721ded6-a78d-4678-8377-a9474da2a764 | Completed: Exit context: `Servers`
2017-06-14 03:17:56.061 31728 INFO rally.plugins.openstack.context.cinder.volume_types [-] Task 3721ded6-a78d-4678-8377-a9474da2a764 | Starting:  Exit context: `volume_types`
2017-06-14 03:17:56.666 31728 INFO rally.plugins.openstack.context.cinder.volume_types [-] Task 3721ded6-a78d-4678-8377-a9474da2a764 | Completed: Exit context: `volume_types`
2017-06-14 03:17:56.666 31728 INFO rally.plugins.openstack.context.keystone.users [-] Task 3721ded6-a78d-4678-8377-a9474da2a764 | Starting:  Exit context: `users`
2017-06-14 03:18:02.823 31728 INFO rally.plugins.openstack.context.keystone.users [-] Task 3721ded6-a78d-4678-8377-a9474da2a764 | Completed: Exit context: `users`
2017-06-14 03:18:04.062 31728 INFO rally.task.engine [-] Load duration is: 177.418616
2017-06-14 03:18:04.063 31728 INFO rally.task.engine [-] Full runner duration is: 181.456229
2017-06-14 03:18:04.063 31728 INFO rally.task.engine [-] Full duration is: 226.059744
2017-06-14 03:18:04.489 31728 INFO rally.task.engine [-] Task 3721ded6-a78d-4678-8377-a9474da2a764 | Completed: Benchmarking.

--------------------------------------------------------------------------------
Task 3721ded6-a78d-4678-8377-a9474da2a764: finished
--------------------------------------------------------------------------------

test scenario CinderVolumes.create_volume_backup
args position 0
args values:
{
  "runner": {
    "type": "constant", 
    "concurrency": 1, 
    "times": 2
  }, 
  "hooks": [], 
  "args": {
    "create_volume_kwargs": {}, 
    "create_backup_kwargs": {}, 
    "do_delete": true, 
    "size": 1
  }, 
  "sla": {}, 
  "context": {
    "users": {
      "users_per_tenant": 1, 
      "tenants": 1
    }, 
    "roles": [
      "Member"
    ]
  }
}

--------------------------------------------------------------------------------
Task 3721ded6-a78d-4678-8377-a9474da2a764 has 0 error(s)
--------------------------------------------------------------------------------

+-------------------------------------------------------------------------------------------------------------------------+
|                                                  Response Times (sec)                                                   |
+----------------------+-----------+--------------+--------------+--------------+-----------+-----------+---------+-------+
| Action               | Min (sec) | Median (sec) | 90%ile (sec) | 95%ile (sec) | Max (sec) | Avg (sec) | Success | Count |
+----------------------+-----------+--------------+--------------+--------------+-----------+-----------+---------+-------+
| cinder.create_volume | 3.285     | 3.422        | 3.532        | 3.546        | 3.56      | 3.422     | 100.0%  | 2     |
| cinder.create_backup | 32.822    | 33.853       | 34.678       | 34.781       | 34.884    | 33.853    | 100.0%  | 2     |
| cinder.delete_volume | 9.29      | 10.142       | 10.823       | 10.908       | 10.994    | 10.142    | 100.0%  | 2     |
| cinder.delete_backup | 2.138     | 2.179        | 2.211        | 2.215        | 2.219     | 2.179     | 100.0%  | 2     |
| total                | 45.891    | 47.596       | 48.959       | 49.13        | 49.3      | 47.596    | 100.0%  | 2     |
+----------------------+-----------+--------------+--------------+--------------+-----------+-----------+---------+-------+

Load duration: 97.197307
Full duration: 107.538555

HINTS:
* To plot HTML graphics with this data, run:
	rally task report 3721ded6-a78d-4678-8377-a9474da2a764 --out output.html

* To generate a JUnit report, run:
	rally task report 3721ded6-a78d-4678-8377-a9474da2a764 --junit --out output.xml

* To get raw JSON output of task results, run:
	rally task results 3721ded6-a78d-4678-8377-a9474da2a764

--------------------------------------------------------------------------------

test scenario CinderVolumes.create_and_attach_volume
args position 0
args values:
{
  "runner": {
    "type": "constant", 
    "concurrency": 1, 
    "times": 5
  }, 
  "hooks": [], 
  "args": {
    "image": {
      "name": "cirros"
    }, 
    "flavor": {
      "name": "m1.tiny"
    }, 
    "create_volume_params": {
      "availability_zone": "nova"
    }, 
    "size": 10
  }, 
  "sla": {}, 
  "context": {
    "users": {
      "users_per_tenant": 2, 
      "tenants": 2
    }
  }
}

--------------------------------------------------------------------------------
Task 3721ded6-a78d-4678-8377-a9474da2a764 has 0 error(s)
--------------------------------------------------------------------------------

+-------------------------------------------------------------------------------------------------------------------------+
|                                                  Response Times (sec)                                                   |
+----------------------+-----------+--------------+--------------+--------------+-----------+-----------+---------+-------+
| Action               | Min (sec) | Median (sec) | 90%ile (sec) | 95%ile (sec) | Max (sec) | Avg (sec) | Success | Count |
+----------------------+-----------+--------------+--------------+--------------+-----------+-----------+---------+-------+
| nova.boot_server     | 6.953     | 7.183        | 8.635        | 8.74         | 8.844     | 7.692     | 100.0%  | 5     |
| cinder.create_volume | 2.976     | 3.212        | 3.341        | 3.379        | 3.416     | 3.162     | 100.0%  | 5     |
| nova.attach_volume   | 9.618     | 9.754        | 9.8          | 9.815        | 9.83      | 9.732     | 100.0%  | 5     |
| nova.detach_volume   | 9.048     | 9.214        | 9.28         | 9.295        | 9.31      | 9.175     | 100.0%  | 5     |
| cinder.delete_volume | 39.605    | 45.689       | 49.056       | 49.87        | 50.683    | 45.536    | 100.0%  | 5     |
| nova.delete_server   | 2.749     | 2.866        | 3.028        | 3.069        | 3.11      | 2.893     | 100.0%  | 5     |
| total                | 68.878    | 74.546       | 79.749       | 80.623       | 81.496    | 75.191    | 100.0%  | 5     |
+----------------------+-----------+--------------+--------------+--------------+-----------+-----------+---------+-------+

Load duration: 387.969579
Full duration: 408.851275

HINTS:
* To plot HTML graphics with this data, run:
	rally task report 3721ded6-a78d-4678-8377-a9474da2a764 --out output.html

* To generate a JUnit report, run:
	rally task report 3721ded6-a78d-4678-8377-a9474da2a764 --junit --out output.xml

* To get raw JSON output of task results, run:
	rally task results 3721ded6-a78d-4678-8377-a9474da2a764

--------------------------------------------------------------------------------

test scenario CinderVolumes.create_and_attach_volume
args position 0
args values:
{
  "runner": {
    "type": "constant", 
    "concurrency": 1, 
    "times": 5
  }, 
  "hooks": [], 
  "args": {
    "flavor": {
      "name": "m1.tiny"
    }, 
    "image": {
      "name": "cirros"
    }, 
    "create_volume_params": {
      "availability_zone": "nova"
    }, 
    "size": {
      "max": 5, 
      "min": 1
    }
  }, 
  "sla": {}, 
  "context": {
    "users": {
      "users_per_tenant": 2, 
      "tenants": 2
    }
  }
}

--------------------------------------------------------------------------------
Task 3721ded6-a78d-4678-8377-a9474da2a764 has 0 error(s)
--------------------------------------------------------------------------------

+-------------------------------------------------------------------------------------------------------------------------+
|                                                  Response Times (sec)                                                   |
+----------------------+-----------+--------------+--------------+--------------+-----------+-----------+---------+-------+
| Action               | Min (sec) | Median (sec) | 90%ile (sec) | 95%ile (sec) | Max (sec) | Avg (sec) | Success | Count |
+----------------------+-----------+--------------+--------------+--------------+-----------+-----------+---------+-------+
| nova.boot_server     | 6.816     | 7.247        | 8.318        | 8.553        | 8.788     | 7.461     | 100.0%  | 5     |
| cinder.create_volume | 2.925     | 3.05         | 3.114        | 3.125        | 3.136     | 3.03      | 100.0%  | 5     |
| nova.attach_volume   | 9.329     | 9.584        | 9.96         | 10.045       | 10.13     | 9.653     | 100.0%  | 5     |
| nova.detach_volume   | 9.04      | 9.177        | 9.265        | 9.278        | 9.292     | 9.159     | 100.0%  | 5     |
| cinder.delete_volume | 8.928     | 21.962       | 39.62        | 45.102       | 50.584    | 25.056    | 100.0%  | 5     |
| nova.delete_server   | 2.908     | 2.971        | 3.03         | 3.043        | 3.057     | 2.97      | 100.0%  | 5     |
